total 169760
-rw-r--r-- 1 Yongzuo.Li cpchso 208968117 Jul 17 15:09 ocn.3dvarfgat_pseudo.an.2023-12-10T12:00:00Z.nc
-rw-r--r-- 1 Yongzuo.Li cpchso    742843 Jul 17 15:09 prof_S_2023120512.nc
-rw-r--r-- 1 Yongzuo.Li cpchso   2229139 Jul 17 15:09 prof_S_2023120612.nc
-rw-r--r-- 1 Yongzuo.Li cpchso   2229139 Jul 17 15:09 prof_S_2023120712.nc
-rw-r--r-- 1 Yongzuo.Li cpchso   2229139 Jul 17 15:09 prof_S_2023120812.nc
-rw-r--r-- 1 Yongzuo.Li cpchso   2229139 Jul 17 15:09 prof_S_2023120912.nc
-rw-r--r-- 1 Yongzuo.Li cpchso   2229139 Jul 17 15:09 prof_S_2023121012.nc
-rw-r--r-- 1 Yongzuo.Li cpchso   2229139 Jul 17 15:09 prof_S_2023121112.nc
-rw-r--r-- 1 Yongzuo.Li cpchso   2229139 Jul 17 15:09 prof_S_2023121212.nc
-rw-r--r-- 1 Yongzuo.Li cpchso   2229139 Jul 17 15:09 prof_S_2023121312.nc
-rw-r--r-- 1 Yongzuo.Li cpchso   2229139 Jul 17 15:09 prof_S_2023121412.nc
-rw-r--r-- 1 Yongzuo.Li cpchso   1025587 Jul 17 15:09 prof_S_2023121512.nc
-rw-r--r-- 1 Yongzuo.Li cpchso    742843 Jul 17 15:09 prof_T_2023120512.nc
-rw-r--r-- 1 Yongzuo.Li cpchso   2229139 Jul 17 15:09 prof_T_2023120612.nc
-rw-r--r-- 1 Yongzuo.Li cpchso   2229139 Jul 17 15:09 prof_T_2023120712.nc
-rw-r--r-- 1 Yongzuo.Li cpchso   2229139 Jul 17 15:09 prof_T_2023120812.nc
-rw-r--r-- 1 Yongzuo.Li cpchso   2229139 Jul 17 15:09 prof_T_2023120912.nc
-rw-r--r-- 1 Yongzuo.Li cpchso   2229139 Jul 17 15:09 prof_T_2023121012.nc
-rw-r--r-- 1 Yongzuo.Li cpchso   2229139 Jul 17 15:09 prof_T_2023121112.nc
-rw-r--r-- 1 Yongzuo.Li cpchso   2229139 Jul 17 15:09 prof_T_2023121212.nc
-rw-r--r-- 1 Yongzuo.Li cpchso   2229139 Jul 17 15:09 prof_T_2023121312.nc
-rw-r--r-- 1 Yongzuo.Li cpchso   2229139 Jul 17 15:09 prof_T_2023121412.nc
-rw-r--r-- 1 Yongzuo.Li cpchso   1025587 Jul 17 15:09 prof_T_2023121512.nc
